.\dll\os2\pm\bifwpm.tgt
.\dll\os2\pm\bifm.tgt
.\dll\os2\pm\biftpm.tgt
.\dll\os2\pm\ale.tgt
.\dll\os2\pm\menuedit.tgt
.\dll\os2\pm\pmsort.tgt
.\dll\os2\bift.tgt
.\dll\win32\win\bifwwin.tgt
.\dll\win32\win\biftwin.tgt
.\dll\win32\win\bifm.tgt
.\dll\win32\win\frametst.tgt
.\dll\win32\win\winsort.tgt
.\dll\win32\win\sort.tgt
.\dll\win32\bifttest.tgt
.\dll\win32\bift.tgt
.\doc\wndclass.bmp
.\doc\threadhi.bmp
.\doc\pmframe.bmp
.\doc\winframe.bmp
.\doc\cloud.bmp
.\doc\gwh.bmp
.\doc\sm-proce.bmp
.\doc\threadhi.dat
.\doc\control.bmp
.\doc\listbox.bmp
.\doc\combobox.bmp
.\doc\control.dat
.\doc\pmslide.bmp
.\doc\winslide.bmp
.\doc\csi.bmp
.\doc\intersec.bmp
.\doc\union.bmp
.\doc\wscroll.bih
.\doc\ownerdrw.bmp
.\doc\thello.bih
.\doc\combobox.dat
.\doc\listbox.dat
.\doc\pmframe.dat
.\doc\mmix.bih
.\doc\thowto_1.bmp
.\doc\combobox.shg
.\doc\control.shg
.\doc\listbox.shg
.\doc\wndclass.shg
.\doc\clhndl.bih
.\doc\bif.mbc
.\doc\wclasses.bih
.\doc\wownerdr.bih
.\doc\wndclass.dat
.\doc\csi.asc
.\doc\csi.bih
.\doc\tbasis.bih
.\doc\thrstate.bmp
.\doc\howto.bih
.\doc\bifwnd.bih
.\doc\comhndl.bih
.\doc\bifthrea.bih
.\doc\minc.bih
.\doc\bifmix.bih
.\doc\mclasses.bih
.\doc\mdbmm.bih
.\doc\tclasses.bih
.\doc\winc.bih
.\doc\wszrest.bih
.\doc\mcmplr.bih
.\doc\control.bih
.\doc\wmouse.bih
.\doc\intro.bih
.\doc\wctlhndl.bih
.\doc\whndl.bih
.\doc\wclhndls.bih
.\doc\hierachy.doc
.\doc\overview.bih
.\doc\wcmplr.bih
.\doc\threadhi.shg
.\doc\tinc.bih
.\doc\wmisc.bih
.\doc\wfuncs.bih
.\doc\thread.bih
.\doc\thowto.bih
.\doc\tcmplr.bih
.\doc\csi.mrb
.\doc\wwnds.bih
.\include\thread\win16\win\bift_wt.h
.\include\thread\win16\win\bift_mwt.h
.\include\thread\win16\bifthrea.h
.\include\thread\win32\win\bift_wt.h
.\include\thread\win32\win\bift_mwt.h
.\include\thread\win32\bift_sem.h
.\include\thread\win32\spinsem.h
.\include\thread\win32\bift_mt.h
.\include\thread\win32\bifthrea.h
.\include\thread\os2\pm\bift_mwt.h
.\include\thread\os2\pm\bift_wt.h
.\include\thread\os2\wms\bift_mwt.h
.\include\thread\os2\wms\bift_wt.h
.\include\thread\os2\bift_mt.h
.\include\thread\os2\bift_sem.h
.\include\thread\os2\spinsem.h
.\include\thread\os2\bifthrea.h
.\include\thread\dosc\bift_wai.h
.\include\thread\dosc\bift_sem.h
.\include\thread\dosc\spinsem.h
.\include\thread\dosc\bift_mt.h
.\include\thread\dos1632\wms\bift_mwt.h
.\include\thread\dos1632\wms\bift_wt.h
.\include\thread\dos1632\bifthrea.h
.\include\thread\bifthrea.h
.\include\window\win16\wndcore.h
.\include\window\win16\applicat.h
.\include\window\win16\bifwnd.h
.\include\window\win32\wndcore.h
.\include\window\win32\bifwnd.h
.\include\window\win32\applicat.h
.\include\window\pm\csi.h
.\include\window\pm\module.h
.\include\window\pm\mle.h
.\include\window\pm\groupbox.h
.\include\window\pm\pushbut.h
.\include\window\pm\scroll.h
.\include\window\pm\stext.h
.\include\window\pm\sle.h
.\include\window\pm\ownerdrw.h
.\include\window\pm\filedlg.h
.\include\window\pm\frame.h
.\include\window\pm\listbox.h
.\include\window\pm\appwnd.h
.\include\window\pm\checkbox.h
.\include\window\pm\radiobut.h
.\include\window\pm\slider.h
.\include\window\pm\combobox.h
.\include\window\pm\sizerest.h
.\include\window\pm\wndcore.h
.\include\window\pm\comhndl.h
.\include\window\pm\dialog.h
.\include\window\pm\adhndl.h
.\include\window\pm\msgbox.h
.\include\window\pm\clhndl.h
.\include\window\pm\bifwnd.h
.\include\window\pm\keyboard.h
.\include\window\pm\control.h
.\include\window\pm\wndmisc.h
.\include\window\pm\applicat.h
.\include\window\pm\mouse.h
.\include\window\winc\groupbox.h
.\include\window\winc\csi.h
.\include\window\winc\pushbut.h
.\include\window\winc\msgbox.h
.\include\window\winc\mle.h
.\include\window\winc\sle.h
.\include\window\winc\stext.h
.\include\window\winc\scroll.h
.\include\window\winc\listbox.h
.\include\window\winc\ownerdrw.h
.\include\window\winc\sizerest.h
.\include\window\winc\frame.h
.\include\window\winc\appwnd.h
.\include\window\winc\checkbox.h
.\include\window\winc\radiobut.h
.\include\window\winc\slider.h
.\include\window\winc\combobox.h
.\include\window\winc\wndmisc.h
.\include\window\winc\keyboard.h
.\include\window\winc\clhndl.h
.\include\window\winc\comhndl.h
.\include\window\winc\control.h
.\include\window\winc\adhndl.h
.\include\window\winc\dialog.h
.\include\window\winc\mouse.h
.\include\window\winc\appwnd.h2
.\include\window\winc\filedlg.h
.\include\window\wms\csi.h
.\include\window\wms\dynmsg.h
.\include\window\wms\wndprop.h
.\include\window\wms\trackrct.h
.\include\window\wms\keyboard.h
.\include\window\wms\appwnd.h
.\include\window\wms\msgbox.h
.\include\window\wms\clhndl.h
.\include\window\wms\mouse.h
.\include\window\wms\wndcore.h
.\include\window\wms\comhndl.h
.\include\window\wms\ownerdrw.h
.\include\window\wms\module.h
.\include\window\wms\bifwnd.h
.\include\window\wms\dialog.h
.\include\window\wms\stext.h
.\include\window\wms\groupbox.h
.\include\window\wms\scrollba.h
.\include\window\wms\listbox.h
.\include\window\wms\sle.h
.\include\window\wms\combobox.h
.\include\window\wms\radiobut.h
.\include\window\wms\lowlbut.h
.\include\window\wms\checkbox.h
.\include\window\wms\pushbut.h
.\include\window\wms\control.h
.\include\window\wms\applicat.h
.\include\window\wms\restempl.h
.\include\window\wms\wndmisc.h
.\include\window\wms\adhndl.h
.\include\window\wms\sizerest.h
.\include\window\wms\frame.h
.\include\window\wms\scroll.h
.\include\window\bifwnd.h
.\include\mix\os2\wms\bifmix.h
.\include\mix\os2\wms\bwwinth.h
.\include\mix\os2\wms\mtappmwt.h
.\include\mix\os2\pm\mtappmwt.h
.\include\mix\os2\pm\bifmix.h
.\include\mix\os2\pm\bwwinth.h
.\include\mix\os2\bifmix.h
.\include\mix\win16\bifmix.h
.\include\mix\win16\bwwinth.h
.\include\mix\win16\mtappmwt.h
.\include\mix\dos1632\bwwinth.h
.\include\mix\dos1632\bifmix.h
.\include\mix\dos1632\mtappmwt.h
.\include\mix\win32\win\bifmix.h
.\include\mix\win32\win\bwwinth.h
.\include\mix\win32\win\mtappmwt.h
.\include\mix\win32\bifmix.h
.\include\mix\bifmix.h
.\include\bifimex.os2
.\include\dbglog.h
.\include\bifimex.w16
.\include\ipc\bifipc.h
.\include\ipc\os2\bifipc.h
.\include\ipc\os2\clncon.h
.\include\ipc\os2\clnsrv.h
.\include\ipc\os2\commgc.h
.\include\ipc\os2\connecti.h
.\include\ipc\os2\npclient.h
.\include\ipc\os2\npserver.h
.\include\ipc\os2\server.h
.\include\ipc\os2\tcpclien.h
.\include\ipc\os2\tcpserv.h
.\include\ipc\win32\bifipc.h
.\include\ipc\win32\clnsrv.h
.\include\ipc\win32\commgc.h
.\include\ipc\win32\server.h
.\include\ipc\win32\connecti.h
.\include\ipc\win32\clncon.h
.\include\ipc\win32\npclient.h
.\include\ipc\win32\npserver.h
.\include\ipc\win32\tcpclien.h
.\include\ipc\win32\tcpserv.h
.\include\bifimex.dos
.\include\bifdetws.h
.\include\bif.h
.\include\log.h
.\include\bifdetos.h
.\include\bifimex.w32
.\lib\os2\ipc\bifipc.tgt
.\lib\os2\ipc\testcln.tgt
.\lib\os2\ipc\testsrv.tgt
.\lib\os2\log.tgt
.\lib\os2\bift.tgt
.\lib\os2\wms\biftwms.tgt
.\lib\os2\wms\bifwwms.tgt
.\lib\os2\wms\bifm.tgt
.\lib\os2\wms\test.tgt
.\lib\os2\wms\mtest.tgt
.\lib\os2\bifttest.tgt
.\lib\os2\pm\biftpm.tgt
.\lib\os2\pm\bifwpm.tgt
.\lib\os2\pm\ale.tgt
.\lib\os2\pm\menuedit.tgt
.\lib\os2\pm\pmsort.tgt
.\lib\os2\pm\odcbtest.tgt
.\lib\os2\pm\frametst.tgt
.\lib\os2\pm\dlgtest.tgt
.\lib\os2\pm\mfopen.tgt
.\lib\os2\pm\slidert.tgt
.\lib\os2\pm\defres.tgt
.\lib\os2\pm\mousetst.tgt
.\lib\os2\pm\bifm.tgt
.\lib\os2\pm\dansk.tgt
.\lib\os2\pm\english.tgt
.\lib\os2\brserver.tgt
.\lib\os2\brstart.tgt
.\lib\win16\slidert.tgt
.\lib\win16\bifttest.tgt
.\lib\win16\bift.tgt
.\lib\win16\log.tgt
.\lib\win16\filefind.tgt
.\lib\win16\resmon.tgt
.\lib\win16\biftwin.tgt
.\lib\win16\exit.tgt
.\lib\win16\bifmix.tgt
.\lib\win16\bifm.tgt
.\lib\win16\winsort.tgt
.\lib\win16\mfopen.tgt
.\lib\win16\frametst.tgt
.\lib\win16\bifw.tgt
.\lib\win16\mousetst.tgt
.\lib\win16\english.tgt
.\lib\win16\dansk.tgt
.\lib\win16\defres.tgt
.\lib\win16\dlgtest.tgt
.\lib\win32\bift.tgt
.\lib\win32\log.tgt
.\lib\win32\win\bifwwin.tgt
.\lib\win32\win\frametst.tgt
.\lib\win32\win\bifm.tgt
.\lib\win32\win\winsort.tgt
.\lib\win32\win\dlgtest.tgt
.\lib\win32\win\mousetst.tgt
.\lib\win32\win\slidert.tgt
.\lib\win32\win\mfopen.tgt
.\lib\win32\win\biftwin.tgt
.\lib\win32\win\bifmix.tgt
.\lib\win32\win\sort.tgt
.\lib\win32\ipc\bifipc.tgt
.\lib\win32\ipc\testsrv.tgt
.\lib\win32\ipc\testcln.tgt
.\lib\win32\test.tgt
.\lib\win32\win.tgt
.\lib\dos16\bift.tgt
.\lib\dos16\wms\biftwms.tgt
.\lib\dos16\wms\bifwwms.tgt
.\lib\dos16\wms\bifm.tgt
.\lib\dos16\wms\test.tgt
.\lib\dos16\wms\mtest.tgt
.\lib\dos16\bifttest.tgt
.\lib\dos16\log.tgt
.\lib\dos32\bift.tgt
.\lib\dos32\bifttest.tgt
.\lib\dos32\log.tgt
.\lib\dos32\wms\bifm.tgt
.\lib\dos32\wms\biftwms.tgt
.\lib\dos32\wms\bifwwms.tgt
.\lib\dos32\wms\test.tgt
.\lib\dos32\wms\mtest.tgt
.\lib\dos\brsdos.tgt
.\sample\thread\win16\filefind\filefind.cpp
.\sample\thread\win16\filefind\filefind.def
.\sample\thread\win16\filefind\filefind.h
.\sample\thread\win16\filefind\filefind.idh
.\sample\thread\win16\filefind\files.lst
.\sample\thread\win16\filefind\ffthread.cpp
.\sample\thread\win16\filefind\ffthread.h
.\sample\thread\win16\filefind\srchwin.cpp
.\sample\thread\win16\filefind\srchwin.hpp
.\sample\thread\win16\filefind\filefind.rc
.\sample\thread\win16\filefind\filefind.ico
.\sample\thread\os2\brstart\srvpipe.cpp
.\sample\thread\os2\brstart\srvpipe.hpp
.\sample\thread\os2\brstart\clnpipe.cpp
.\sample\thread\os2\brstart\clnpipe.hpp
.\sample\thread\os2\brstart\protocol.hpp
.\sample\thread\os2\brstart\conlist.hpp
.\sample\thread\os2\brstart\conlist.cpp
.\sample\thread\os2\brstart\srvmain.cpp
.\sample\thread\os2\brstart\joblist.cpp
.\sample\thread\os2\brstart\joblist.hpp
.\sample\thread\os2\brstart\conthrd.cpp
.\sample\thread\os2\brstart\job.hpp
.\sample\thread\os2\brstart\job.cpp
.\sample\thread\os2\brstart\dispjobs.cpp
.\sample\thread\os2\brstart\brserver.hpp
.\sample\thread\os2\brstart\dispjobs.hpp
.\sample\thread\os2\brstart\conthrd.hpp
.\sample\thread\os2\brstart\connecti.hpp
.\sample\thread\os2\brstart\brsos2.cpp
.\sample\thread\os2\brstart\constrt.hpp
.\sample\thread\os2\brstart\smthrd.hpp
.\sample\thread\os2\brstart\smthrd.cpp
.\sample\thread\os2\brstart\constrt.cpp
.\sample\thread\os2\brstart\jobstart.hpp
.\sample\thread\os2\brstart\brsdos.cpp
.\sample\thread\os2\brstart\tdelthrd.hpp
.\sample\thread\os2\brstart\tdelthrd.cpp
.\sample\thread\os2\brstart\jobstart.cpp
.\sample\thread\os2\brstart\brlimits.hpp
.\sample\thread\os2\brstart\files.lst
.\sample\window\os2\ale\ale.bme
.\sample\window\os2\ale\editlink.h
.\sample\window\os2\ale\editlink.dlg
.\sample\window\os2\ale\ale.mnu
.\sample\window\os2\ale\ale.ico
.\sample\window\os2\ale\ale.mid
.\sample\window\os2\ale\ale.rc
.\sample\window\os2\ale\ale.cpp
.\sample\window\os2\ale\ale.h
.\sample\window\os2\ale\readbmp.cpp
.\sample\window\os2\ale\linka.hpp
.\sample\window\os2\ale\editlink.hpp
.\sample\window\os2\ale\link.hpp
.\sample\window\os2\ale\editlink.cpp
.\sample\window\os2\ale\lnote.hpp
.\sample\window\os2\ale\linka.cpp
.\sample\window\os2\ale\linkio.cpp
.\sample\window\os2\ale\linkio.hpp
.\sample\window\os2\ale\alewin.hpp
.\sample\window\os2\ale\alewin.cpp
.\sample\window\os2\ale\readbmp.hpp
.\sample\window\os2\ale\files.lst
.\sample\window\os2\menuedit\editdlg.cpp
.\sample\window\os2\menuedit\editdlg.hpp
.\sample\window\os2\menuedit\genmenu.cpp
.\sample\window\os2\menuedit\genmenu.hpp
.\sample\window\os2\menuedit\loadmenu.cpp
.\sample\window\os2\menuedit\loadmenu.hpp
.\sample\window\os2\menuedit\menuedit.cpp
.\sample\window\os2\menuedit\menuedit.dlg
.\sample\window\os2\menuedit\menuedit.h
.\sample\window\os2\menuedit\menuedit.ico
.\sample\window\os2\menuedit\menuedit.idh
.\sample\window\os2\menuedit\menuedit.mid
.\sample\window\os2\menuedit\menuedit.mnu
.\sample\window\os2\menuedit\menuedit.rc
.\sample\window\os2\menuedit\menuitem.cpp
.\sample\window\os2\menuedit\menuitem.hpp
.\sample\window\os2\menuedit\movedown.ico
.\sample\window\os2\menuedit\moveup.ico
.\sample\window\os2\menuedit\prodinfo.bmp
.\sample\window\os2\menuedit\prodinfo.h
.\sample\window\os2\menuedit\prodinfo.hpp
.\sample\window\os2\menuedit\savemenu.cpp
.\sample\window\os2\menuedit\savemenu.hpp
.\sample\window\os2\menuedit\testmenu.cpp
.\sample\window\os2\menuedit\testmenu.dlg
.\sample\window\os2\menuedit\testmenu.h
.\sample\window\os2\menuedit\testmenu.hpp
.\sample\window\os2\menuedit\prodinfo.dlg
.\sample\window\os2\menuedit\files.lst
.\sample\window\os2\defres\dansk.ico
.\sample\window\os2\defres\english.ico
.\sample\window\os2\defres\defres.h
.\sample\window\os2\defres\dadlg.dlg
.\sample\window\os2\defres\defres.cpp
.\sample\window\os2\defres\ukdlg.dlg
.\sample\window\os2\defres\dansk.rc
.\sample\window\os2\defres\english.rc
.\sample\window\os2\defres\dansk.cpp
.\sample\window\os2\defres\english.cpp
.\sample\window\os2\defres\files.lst
.\sample\window\win16\resmon\resmon.h
.\sample\window\win16\resmon\resmon.cpp
.\sample\window\win16\resmon\resmon.rc
.\sample\window\win16\resmon\files.lst
.\sample\window\win16\exit\exit.ico
.\sample\window\win16\exit\exit.h
.\sample\window\win16\exit\exit.rc
.\sample\window\win16\exit\exit.cpp
.\sample\window\win16\exit\files.lst
.\sample\window\win16\defres\dansk.cpp
.\sample\window\win16\defres\english.cpp
.\sample\window\win16\defres\defres.cpp
.\sample\window\win16\defres\english.ico
.\sample\window\win16\defres\english.rws
.\sample\window\win16\defres\dansk.rc
.\sample\window\win16\defres\dansk.ico
.\sample\window\win16\defres\dansk.rws
.\sample\window\win16\defres\defres.rid
.\sample\window\win16\defres\english.rc
.\sample\mix\sort\common.h
.\sample\mix\sort\heap.cpp
.\sample\mix\sort\pmsort.cpp
.\sample\mix\sort\pmsort.rc
.\sample\mix\sort\pmsort.rh
.\sample\mix\sort\quick.cpp
.\sample\mix\sort\radixexc.cpp
.\sample\mix\sort\shell.cpp
.\sample\mix\sort\sortmoni.cpp
.\sample\mix\sort\pmsort.ico
.\sample\mix\sort\sortutil.h
.\sample\mix\sort\winsort.rh
.\sample\mix\sort\winsort.rc
.\sample\mix\sort\winsort.ico
.\sample\mix\sort\winsort.def
.\sample\mix\sort\sortmoni.h
.\sample\mix\sort\sort.h
.\sample\mix\sort\comb.cpp
.\sample\mix\sort\batcher.cpp
.\sample\mix\sort\sortutil.cpp
.\sample\mix\sort\winsort.cpp
.\sample\logtest.cpp
.\source\thread\os2\pm\mwthread.cpp
.\source\thread\os2\pm\wthread.cpp
.\source\thread\os2\pm\files.lst
.\source\thread\os2\wms\mwthread.cpp
.\source\thread\os2\wms\wthread.cpp
.\source\thread\os2\wms\files.lst
.\source\thread\os2\spinsem.cpp
.\source\thread\os2\mthread.cpp
.\source\thread\os2\bifmain.cpp
.\source\thread\os2\eventsem.cpp
.\source\thread\os2\thread5.cpp
.\source\thread\os2\mutexsem.cpp
.\source\thread\os2\threadma.cpp
.\source\thread\os2\semaphor.cpp
.\source\thread\os2\thread2.cpp
.\source\thread\os2\thread3.cpp
.\source\thread\os2\thread4.cpp
.\source\thread\os2\thread1.cpp
.\source\thread\os2\spinop.obj
.\source\thread\win16\win\mwthread.cpp
.\source\thread\win16\win\wthread.cpp
.\source\thread\win16\win\files.lst
.\source\thread\win16\btmsgbox.cpp
.\source\thread\win16\dsstuff.h
.\source\thread\win16\thread3.cpp
.\source\thread\win16\files.lst
.\source\thread\win32\wms\files.lst
.\source\thread\win32\win\mwthread.cpp
.\source\thread\win32\win\wthread.cpp
.\source\thread\win32\win\files.lst
.\source\thread\win32\mthread.cpp
.\source\thread\win32\eventsem.cpp
.\source\thread\win32\mutexsem.cpp
.\source\thread\win32\semaphor.cpp
.\source\thread\win32\bifmain.cpp
.\source\thread\win32\thread2.cpp
.\source\thread\win32\thread3.cpp
.\source\thread\win32\files.lst
.\source\thread\win32\thread1.cpp
.\source\thread\win32\thread4.cpp
.\source\thread\win32\thread5.cpp
.\source\thread\win32\spinsem.cpp
.\source\thread\win32\threadma.cpp
.\source\thread\dosc\event.cpp
.\source\thread\dosc\thread2.cpp
.\source\thread\dosc\thread1.cpp
.\source\thread\dosc\semaphor.cpp
.\source\thread\dosc\waitthin.cpp
.\source\thread\dosc\clktck.h
.\source\thread\dosc\mthread.cpp
.\source\thread\dosc\thread.cpp
.\source\thread\dosc\spinsem.cpp
.\source\thread\dosc\mutex.cpp
.\source\thread\dosc\biftmain.cpp
.\source\thread\dosc\threadma.cpp
.\source\thread\dosc\thread4.cpp
.\source\thread\dosc\files.lst
.\source\thread\dos1632\wms\mwthread.cpp
.\source\thread\dos1632\wms\wthread.cpp
.\source\thread\dos1632\wms\files.lst
.\source\thread\dos1632\dosyield.h
.\source\thread\dos1632\thread3.cpp
.\source\thread\dos1632\dosyield.cpp
.\source\thread\dos1632\files.lst
.\source\thread\files.lst
.\source\window\pm\csi.cpp
.\source\window\pm\groupbox.cpp
.\source\window\pm\mle.cpp
.\source\window\pm\pushbut.cpp
.\source\window\pm\msgbox.cpp
.\source\window\pm\sle.cpp
.\source\window\pm\stext.cpp
.\source\window\pm\scroll.cpp
.\source\window\pm\ownerdrw.cpp
.\source\window\pm\module.cpp
.\source\window\pm\filedlg.cpp
.\source\window\pm\control.cpp
.\source\window\pm\dialog.cpp
.\source\window\pm\listbox.cpp
.\source\window\pm\frame.cpp
.\source\window\pm\radiobut.cpp
.\source\window\pm\slider.cpp
.\source\window\pm\combobox.cpp
.\source\window\pm\sizerest.cpp
.\source\window\pm\appwnd.cpp
.\source\window\pm\comhndl.cpp
.\source\window\pm\checkbox.cpp
.\source\window\pm\keyboard.cpp
.\source\window\pm\clhndl.cpp
.\source\window\pm\wndmisc.cpp
.\source\window\pm\wndcore.cpp
.\source\window\pm\applicat.cpp
.\source\window\pm\mouse.cpp
.\source\window\pm\files.lst
.\source\window\win16\applicat.cpp
.\source\window\win16\wndcore.cpp
.\source\window\win16\files.lst
.\source\window\win32\wndcore.cpp
.\source\window\win32\applicat.cpp
.\source\window\win32\files.lst
.\source\window\winc\sle.cpp
.\source\window\winc\checkbox.cpp
.\source\window\winc\csi.cpp
.\source\window\winc\mle.cpp
.\source\window\winc\groupbox.cpp
.\source\window\winc\scroll.cpp
.\source\window\winc\msgbox.cpp
.\source\window\winc\sizerest.cpp
.\source\window\winc\stext.cpp
.\source\window\winc\ownerdrw.cpp
.\source\window\winc\radiobut.cpp
.\source\window\winc\slider31.h
.\source\window\winc\slider.cpp
.\source\window\winc\combobox.cpp
.\source\window\winc\listbox.cpp
.\source\window\winc\keyboard.cpp
.\source\window\winc\clhndl.cpp
.\source\window\winc\appwnd.c2
.\source\window\winc\comhndl.cpp
.\source\window\winc\mouse.cpp
.\source\window\winc\pushbut.cpp
.\source\window\winc\control.cpp
.\source\window\winc\appwnd.cpp
.\source\window\winc\dialog.cpp
.\source\window\winc\files.lst
.\source\window\winc\frame.cpp
.\source\window\winc\filedlg.cpp
.\source\window\winc\slider31.cpp
.\source\window\winc\wndmisc.cpp
.\source\window\wms\bwwdt.h
.\source\window\wms\dynmsg.cpp
.\source\window\wms\wndprop.cpp
.\source\window\wms\bwclpbrd.h
.\source\window\wms\keyboard.cpp
.\source\window\wms\msgbox.cpp
.\source\window\wms\clhndl.cpp
.\source\window\wms\appwnd.cpp
.\source\window\wms\comhndl.cpp
.\source\window\wms\mouse.cpp
.\source\window\wms\radiobut.cpp
.\source\window\wms\trackrct.cpp
.\source\window\wms\ownerdrw.cpp
.\source\window\wms\bwclpbrd.cpp
.\source\window\wms\stext.cpp
.\source\window\wms\restempl.cpp
.\source\window\wms\checkbox.cpp
.\source\window\wms\lowlbut.cpp
.\source\window\wms\pushbut.cpp
.\source\window\wms\groupbox.cpp
.\source\window\wms\scrollba.cpp
.\source\window\wms\wndcore.cpp
.\source\window\wms\sle.cpp
.\source\window\wms\combobox.cpp
.\source\window\wms\dialog.cpp
.\source\window\wms\switchls.h
.\source\window\wms\listbox.cpp
.\source\window\wms\presparm.h
.\source\window\wms\applicat.cpp
.\source\window\wms\presparm.cpp
.\source\window\wms\control.cpp
.\source\window\wms\switchls.cpp
.\source\window\wms\wndmisc.cpp
.\source\window\wms\module.cpp
.\source\window\wms\menuwin.h
.\source\window\wms\fmenu.cpp
.\source\window\wms\menuwin.cpp
.\source\window\wms\bwwdt.cpp
.\source\window\wms\frame.cpp
.\source\window\wms\sizerest.cpp
.\source\window\wms\csi.cpp
.\source\window\wms\scroll.cpp
.\source\window\wms\files.lst
.\source\window\files.lst
.\source\mix\os2\pm\mtappmwt.cpp
.\source\mix\os2\pm\bwwinth.cpp
.\source\mix\os2\pm\files.lst
.\source\mix\os2\wms\bwwinth.cpp
.\source\mix\os2\wms\mtappmwt.cpp
.\source\mix\os2\wms\files.lst
.\source\mix\win16\mtapp.cpp
.\source\mix\win16\wmwthrd.cpp
.\source\mix\win16\files.lst
.\source\mix\win32\win\bwwinth.cpp
.\source\mix\win32\win\mtappmwt.cpp
.\source\mix\win32\win\files.lst
.\source\mix\win32\wms\files.lst
.\source\mix\win32\files.lst
.\source\mix\dos\wms\bwwinth.cpp
.\source\mix\dos\wms\mtappmwt.cpp
.\source\mix\dos32\wms\bwwinth.cpp
.\source\mix\dos32\wms\mtappmwt.cpp
.\source\ipc\os2\commgc.cpp
.\source\ipc\os2\npclient.cpp
.\source\ipc\os2\npserver.cpp
.\source\ipc\os2\server.cpp
.\source\ipc\os2\tcpclien.cpp
.\source\ipc\os2\tcpserv.cpp
.\source\ipc\win32\commgc.cpp
.\source\ipc\win32\npclient.cpp
.\source\ipc\win32\server.cpp
.\source\ipc\win32\npserver.cpp
.\source\ipc\win32\tcpclien.cpp
.\source\ipc\win32\tcpserv.cpp
.\source\dbglog.cpp
.\source\log.cpp
.\test\thread\test.cpp
.\test\window\os2\dlgtest.cpp
.\test\window\os2\mousetst.cpp
.\test\window\os2\frametst.cpp
.\test\window\os2\frametst.ico
.\test\window\os2\frametst.idh
.\test\window\os2\frametst.rc
.\test\window\os2\dlgtest.h
.\test\window\os2\dlgtest.rc
.\test\window\os2\slidert.cpp
.\test\window\os2\odcbtest.cpp
.\test\window\os2\dlgtest.dlg
.\test\window\os2\mfopen.cpp
.\test\window\wms\test.cpp
.\test\window\wms\mtest.cpp
.\test\window\wms\files.lst
.\test\window\winc\frametst.cpp
.\test\window\winc\frametst.ico
.\test\window\winc\frametst.idh
.\test\window\winc\frametst.rc
.\test\window\winc\dlgtest.cpp
.\test\window\winc\dlgtest.idh
.\test\window\winc\dlgtest.rc
.\test\window\winc\mousetst.cpp
.\test\window\winc\slidert.cpp
.\test\window\winc\mfopen.cpp
.\test\window\winc\files.lst
.\test\ipc\testcln.cpp
.\test\ipc\testsrv.cpp
.\bif.lst
.\bifdos16.wpj
.\bifdos32.wpj
.\bifos2.wpj
.\bifos2d.wpj
.\bifw32d.wpj
.\bifwin.wpj
.\bifwin32.wpj
.\done
.\lib_b50.mbt
.\lib_b50.mrt
.\targets.32d
.\targets.o2l
.\targets.d16
.\targets.o2d
.\todo
.\dll_b50.mrt
.\dll_b50.mbt
.\targets.32l
