.\include\kbdstate.hpp
.\include\logkey.hpp
.\include\porttype.hpp
.\include\hwmou.hpp
.\include\wms.hpp
.\include\wmsmsgs.hpp
.\include\bw.hpp
.\include\cpi.hpp
.\include\capture.hpp
.\include\desktop.hpp
.\include\focus.hpp
.\include\wmsmisc.hpp
.\include\region.hpp
.\include\sysvalue.hpp
.\include\timestmp.hpp
.\include\msgqueue.hpp
.\source\anchor\anchor.cpp
.\source\anchor\anchor.hpp
.\source\anchor\habmap.cpp
.\source\anchor\habmap.hpp
.\source\bw\bw_int.hpp
.\source\bw\bw.cpp
.\source\bw\hwndmap.hpp
.\source\bw\hwndmap.cpp
.\source\bw\paintq.cpp
.\source\bw\paintq.hpp
.\source\cpi\cpi.cpp
.\source\cpi\hdcmap.hpp
.\source\cpi\hdcmap.cpp
.\source\cpi\os2.hpp
.\source\cpi\dos.hpp
.\source\misc\region.cpp
.\source\misc\hwmou.cpp
.\source\misc\sysvalue.cpp
.\source\misc\capture.cpp
.\source\misc\focus.cpp
.\source\misc\wmsdt.cpp
.\source\misc\timestmp.cpp
.\source\misc\wmstimer.cpp
.\source\misc\wmstimer.hpp
.\source\misc\paint_dp.cpp
.\source\misc\paint_dp.hpp
.\source\msgqueue\msgqueue.cpp
.\source\msgqueue\hmqmap.hpp
.\source\msgqueue\hmqmap.cpp
.\source\sysq\hwkeybrd.cpp
.\source\sysq\hwkeybrd.hpp
.\source\sysq\hwmouse.cpp
.\source\sysq\hwmouse.hpp
.\source\sysq\sysqueue.cpp
.\source\sysq\sysqueue.hpp
.\source\sysq\sqe_dp.cpp
.\source\sysq\sqe_dp.hpp
.\source\dbgheap.cpp
.\source\wmsmutex.cpp
.\source\test.cpp
.\source\test2.cpp
.\source\test3.cpp
.\source\wmsmutex.hpp
.\source\wms.cpp
.\source\dosrmode.hpp
.\lib\dos\wms.tgt
.\lib\dos\wmstest.tgt
.\lib\os2\wms.tgt
.\lib\os2\wmstest.tgt
.\lib\dos32\wms.tgt
.\lib\dos32\wmstest.tgt
.\wms.lst
